// Jest Snapshot v1, https://goo.gl/fbAQLP

exports[`<BoardTitle> should render BoardTitleEdit component if editTitle is true 1`] = `
<Connect(BoardTitleEdit)
  boardId="BoardID"
  boardTitle="Board Title"
  toggleEditTitle={[Function]}
/>
`;

exports[`<BoardTitle> should render title if editTitle is false 1`] = `
<Title
  onClick={[Function]}
>
  Board Title
</Title>
`;
