// Jest Snapshot v1, https://goo.gl/fbAQLP

exports[`<ListTitle> should render ListTitleEdit component if editTitle is true 1`] = `
<Connect(ListTitleEdit)
  listId=""
  listTitle=""
  toggleEditTitle={[Function]}
/>
`;

exports[`<ListTitle> should render title if editTitle is false 1`] = `
<Title
  onClick={[Function]}
/>
`;
